2026-08-20T15:25:42: ◇ injected env (0) from .env // tip: ⌘ multiple files { path: ['.env.local', '.env'] }
2026-08-20T15:25:43: [store] Supabase admin client initialized
2026-08-20T15:25:43: [store] Supabase anon client initialized
2026-08-20T15:25:43: [store] Syncing local data to Supabase...
2026-08-20T15:25:43: [PositionSizing] Session reset - equity: $10000
2026-08-20T15:25:43: 🔌 Connecting to MT5 bridge...
2026-08-20T15:25:43: 🔌 Connecting to Deriv API...
2026-08-20T15:25:43: ❌ Deriv connection failed: APP_ID, TOKEN, and ACCOUNT_ID must be configured
2026-08-20T15:25:43: [store] Sync to Supabase complete
2026-08-20T15:26:13: [store] Failed to add log to cloud: Unregistered API key
2026-08-20T15:26:13: [store] Cloud sync error: Unregistered API key
2026-08-20T15:53:25: [store] Failed to add log to cloud: Unregistered API key
2026-08-20T15:53:25: [store] Cloud sync error: Unregistered API key
2026-08-20T15:53:26: ◇ injected env (0) from .env // tip: ⌘ suppress logs { quiet: true }
2026-08-20T15:53:26: [store] Supabase admin client initialized
2026-08-20T15:53:26: [store] Supabase anon client initialized
2026-08-20T15:53:26: [store] Syncing local data to Supabase...
2026-08-20T15:53:26: [PositionSizing] Session reset - equity: $10000
2026-08-20T15:53:26: 🔌 Connecting to MT5 bridge...
2026-08-20T15:53:26: 🔌 Connecting to Deriv API...
2026-08-20T15:53:26: ❌ Deriv connection failed: APP_ID, TOKEN, and ACCOUNT_ID must be configured
2026-08-20T15:53:26: [store] Sync to Supabase complete
2026-08-20T15:53:56: [store] Failed to add log to cloud: Unregistered API key
2026-08-20T15:53:56: [store] Cloud sync error: Unregistered API key
